====== Installation ======
<file>
[FAQ]
Q1 : samba-tool 無法get domain sid, 該如何處理?
Ans :
目前是assign一個domain sid給他就可以進行處理, 但為什麼會這樣還是需要進行確認.
domain_sid = security.dom_sid("S-1-5-21")

[packages]
  * yum install -y samba4-python
  * yum install -y samba*
  * yum install pytalloc


</file>

**file location**
  * /usr/lib64/python2.7/site-packages/samba/

**Actions**
  * Remove the extended attribute stored in file, the advanced acl of the file is not affected.

**Access Right**

{{:samba:ic493699.png?600|}}
| bit | Access Right String  | 
| 19 | WO |
| 18 | WD |
| 17 | RC |      
| 16 | SD |  
| 5 | RP | 0x00100010 |
| 9 | CR | 0x00100100 |   
| 3 | LC |  
| 2 | DC |
| 4 | SW |
| 8 | LO |
| 1 | CC |
| 6 | WP | 0x00100020 |


====== FAQ ======
<file>
Q7 : 看起來 pytalloc_get_type就會得到security descriptor,  但是怎麼拿到的?
Ans :

Q6 : 從程式架夠看起來有一直遞迴在處理, 但到底在遞迴處理什麼? (是上層檔案 or 下層檔案)
Ans :

Q5 : vfs_handle_struct *handle是指什麼東西的handle?
Ans :

Q4 : 若使用samba-tool set ntacl的話, 也會同步更改到posix-acl嗎?
Ans :
是的, 若使用./samba-tool set ntacl進行設定的話, 也會同步更改到posix-acl

Q3 : set_nt_acl與get_nt_acl的flow?
Ans :
parse_acl_blob(xacl.version = 4) --> ndr_pull_struct_blob --> ndr_pull_xattr_NTACL


Q2 : NT-acl的結構如何解讀?
Ans :
1. getfattr的value開頭的0s代表使用base64進行encode.
2. 若使用getfattr -n security.NTACL -e hex f4 , 就可以dump出跟strace裡面一樣的value.

[root@nas_8801737_a f2]# getfattr -n security.NTACL -e hex f4
# file: f4
security.NTACL=0x0400040000000200040002000100da6a415c3d9c07c704ac3d17a62bb80ad4eace772fb8c449d4b3c109b645f35d0000000000000000000000000000000000000000000000000000000000000000706f7369785f61636c00f8dc3b7f6c4cd30133dc3e9e50718d63fad9ee3c7d5d4a79dbb745ad846dd547878608edb755117100000000000000000000000000000000000000000000000000000000000000000100049cb4000000d000000000000000e0000000010500000000000515000000acacacacacacacacacacacacae8601000102000000000005200000002002000002002c000100000000032400ff011f00010500000000000515000000acacacacacacacacacacacacae860100

[root@nas_8801737_a f2]# cat test.py
a = "0x0400040000000200040002000100da6a415c3d9c07c704ac3d17a62bb80ad4eace772fb8c449d4b3c109b645f35d0000000000000000000000000000000000000000000000000000000000000000706f7369785f61636c00f8dc3b7f6c4cd30133dc3e9e50718d63fad9ee3c7d5d4a79dbb745ad846dd547878608edb755117100000000000000000000000000000000000000000000000000000000000000000100049cb4000000d000000000000000e0000000010500000000000515000000acacacacacacacacacacacacae8601000102000000000005200000002002000002002c000100000000032400ff011f00010500000000000515000000acacacacacacacacacacacacae860100"

ret = []
for i in xrange(2, len(a[2:]) + 2, 2):
        ret.append( chr(int(a[2:][i - 2:i], 16)))
print ret


Q1 : 若從putty建立一個folder, 並設好acl, 從Samba看會是如何?
Ans :
Create by putty:
>>> xattr("f2").list()
[u'trusted.SGI_ACL_FILE', u'trusted.SGI_ACL_DEFAULT', u'system.posix_acl_access', u'system.posix_acl_default']

posix acl of f2:
[root@nas_8801737_a smb]# getfacl f2
# file: f2
# owner: root
# group: root
user::rwx
user:aa:rwx
group::r-x
mask::rwx
other::r-x
default:user::rwx
default:user:aa:rwx
default:group::r-x
default:mask::rwx
default:other::r-x

--> 只要從Samba設過一次, 所有設定就會apply到security.NTACL
--> 更改Samba ntacl, 會同步更改到posix acl.
--> Samba裡面的ACL Entry是 or起來看的.


Create by Samba service:
>>> xattr("f1").list()
[u'user.DOSATTRIB', u'trusted.SGI_ACL_FILE', u'trusted.SGI_ACL_DEFAULT', u'security.NTACL', u'system.posix_acl_access', u'system.posix_acl_default']


</file>


====== Set NT-acl ======

<file>
# samba-tool
[root@localhost bin]# ./samba-tool ntacl get /tmp/ccc.txt --as-sddl
O:S-1-5-21-3863028735-649080503-733086412-1000G:DUD:AI(D;;0x001f01ff;;;S-1-5-21-3863028735-649080503-733086412-1000)(A;;0x001f01ff;;;DU)(A;ID;0x001f01ff;;;S-1-5-21-3863028735-649080503-733086412-1000)(A;ID;0x001200a9;;;DU)(A;ID;0x001200a9;;;WD)

# set ntacl
./samba-tool ntacl set "O:S-1-5-21-2896997548-2896997548-2896997548-1003G:BAD:(A;;0x001f019f;;;S-1-5-21-2896997548-2896997548-2896997548-1003)(A;;0x00120089;;;BA)(A;;0x00120089;;;WD)" /tmp/test.txt

# smbcacls
smbcacls //172.27.112.150/testext file1 -U aa --add ACL:aa:ALLOWED/3/FULL
</file>

====== sddl format (Security Descriptor Definition Language) ======

<file>
The following is an example SDDL string:
O:S-1-5-21-3863028735-649080503-733086412-1000G:DUD:AI(D;;0x001f01ff;;;S-1-5-21-3863028735-649080503-733086412-1000)(A;;0x001f01ff;;;DU)(A;ID;0x001f01ff;;;S-1-5-21-3863028735-649080503-733086412-1000)(A;ID;0x001200a9;;;DU)(A;ID;0x001200a9;;;WD)

To better view the various part:
O:S-1-5-21-3863028735-649080503-733086412-1000 
G:DU 
D:AI
  (D;;0x001f01ff;;;S-1-5-21-3863028735-649080503-733086412-1000)
  (A;;0x001f01ff;;;DU)
  (A;ID;0x001f01ff;;;S-1-5-21-3863028735-649080503-733086412-1000)
  (A;ID;0x001200a9;;;DU)
  (A;ID;0x001200a9;;;WD)
  
  (ACE TYPE:ACE_FLAGS:PERMISSION;;;USER)
  --> ACE_TYPE
      --> A (Allow)
      --> D (DENY)
</file>
<file>
Main Part Format:
  O: SID string := Owner
  G: SID string := Group
  D: ACE String := DACL (Discretionary Access Control List)
  S: ACE String := SACL (Security Access Control List) (optional)(optional)
  
"P" --> SDDL_PROTECTED(The SE_DACL_PROTECTED flag is set.)
"AR" --> SDDL_AUTO_INHERIT_REQ(The SE_DACL_AUTO_INHERIT_REQ flag is set.)
"AI" --> SDDL_AUTO_INHERITED(The SE_DACL_AUTO_INHERITED flag is set.)
"NO_ACCESS_CONTROL"  --> SSDL_NULL_ACL(The ACL is null.)
</file>
<file>
SID String Chart:
  SID                 String Account alias
  "AN"                Anonymous logon.
  "AU"                Authenticated users.
  "BA"                Built-in administrators.
  "BG"                Built-in guests.
  "BU"                Built-in users.
  “CO”                Creator Owner
  "CG" --> Creator group. The corresponding RID is SECURITY_CREATOR_GROUP_RID.
  "DA"                Domain administrators.
  "DG"                Domain guests.
  "DU"                Domain users
  "EA"                Enterprise administrators
  "WD"                Everyone
  "IU"                Interactively logged-on user.
  "LA"                Local administrator.
  "LG"                Local guest.
  "LS"                Local service account.
  "SY"                Local system
  "NU"                Network logon user
  "NS"                Network service account
  "PU"                Power users
  "RD"                Terminal server users (Remote Desktop)

Ref : https://msdn.microsoft.com/en-us/library/windows/desktop/aa379602(v=vs.85).aspx
</file>
<file>
ace_type;ace_flags;rights;object_guid;inherit_object_guid;account_sid;(resource_attribute)
ace_flags:
"CI"  --> ContainerInherit --> The access mask is propagated to child container objects.
"IO"                 SDDL_INHERIT_ONLY
"ID"                 SDDL_INHERITED
"OI"  --> ObjectInherit --> The access mask is propagated onto child leaf objects.

Ref : https://msdn.microsoft.com/en-us/library/system.security.accesscontrol.aceflags(v=vs.110).aspx
</file>
ACE String Format[[http://172.27.112.239/dokuwiki/lib/exe/fetch.php?media=samba:ace_strings_windows_.pdf]]
[[https://web.archive.org/web/20150810083345/http://networkadminkb.com/KB/a152/how-to-read-a-sddl-string.aspx]]
ACE String Format: [[https://web.archive.org/web/20141228035833/http://msdn.microsoft.com/en-us/library/aa374928.aspx]]

**Security Descriptor**
  * Security Descriptor --> DACL --> ACE Header --> ACCESS_MASK
  * The SECURITY_DESCRIPTOR structure defines the security attributes of an object.
  * These attributes specify who owns the object; who can access the object and what they can do with it.
  * OffsetDacl
    * An unsigned 32-bit integer that specifies the offset to the ACL that contains ACEs that control access. 

[[https://msdn.microsoft.com/en-us/library/cc230366.aspx]]

**DACL**
<file>
typedef struct _ACL {
  BYTE AclRevision;
  BYTE Sbz1;
  WORD AclSize;
  WORD AceCount;
  WORD Sbz2;
} ACL, *PACL;
</file>
[[https://msdn.microsoft.com/en-us/library/windows/desktop/aa374931(v=vs.85).aspx]]

**ACE**
<file>
typedef struct _ACE_HEADER {
  BYTE AceType;
  BYTE AceFlags;
  WORD AceSize;
} ACE_HEADER, *PACE_HEADER;
</file>

**ACCESS MASK**
  * Control the access permission of a file.
[[https://msdn.microsoft.com/en-us/library/cc230294.aspx]]

**Example of Security Descriptor**
<file>
    security_descriptor: struct security_descriptor
        revision                 : SECURITY_DESCRIPTOR_REVISION_1 (1)
        type                     : 0x8c04 (35844)
               0: SEC_DESC_OWNER_DEFAULTED
               0: SEC_DESC_GROUP_DEFAULTED
               1: SEC_DESC_DACL_PRESENT
               0: SEC_DESC_DACL_DEFAULTED
               0: SEC_DESC_SACL_PRESENT
               0: SEC_DESC_SACL_DEFAULTED
               0: SEC_DESC_DACL_TRUSTED
               0: SEC_DESC_SERVER_SECURITY
               0: SEC_DESC_DACL_AUTO_INHERIT_REQ
               0: SEC_DESC_SACL_AUTO_INHERIT_REQ
               1: SEC_DESC_DACL_AUTO_INHERITED
               1: SEC_DESC_SACL_AUTO_INHERITED
               0: SEC_DESC_DACL_PROTECTED
               0: SEC_DESC_SACL_PROTECTED
               0: SEC_DESC_RM_CONTROL_VALID
               1: SEC_DESC_SELF_RELATIVE
        owner_sid                : *
            owner_sid                : S-1-5-21-3863028735-649080503-733086412-1000
        group_sid                : *
            group_sid                : S-1-5-21-3863028735-649080503-733086412-513
        sacl                     : NULL
        dacl                     : *
            dacl: struct security_acl
                revision                 : SECURITY_ACL_REVISION_NT4 (2)
                size                     : 0x0078 (120)
                num_aces                 : 0x00000004 (4)
                aces: ARRAY(4)
                    aces: struct security_ace
                        type                     : SEC_ACE_TYPE_ACCESS_DENIED (1)
                        flags                    : 0x00 (0)
                               0: SEC_ACE_FLAG_OBJECT_INHERIT
                               0: SEC_ACE_FLAG_CONTAINER_INHERIT
                               0: SEC_ACE_FLAG_NO_PROPAGATE_INHERIT
                               0: SEC_ACE_FLAG_INHERIT_ONLY
                               0: SEC_ACE_FLAG_INHERITED_ACE
                            0x00: SEC_ACE_FLAG_VALID_INHERIT (0)
                               0: SEC_ACE_FLAG_SUCCESSFUL_ACCESS
                               0: SEC_ACE_FLAG_FAILED_ACCESS
                        size                     : 0x0014 (20)
                        access_mask              : 0x000f011e (983326)
                        object                   : union security_ace_object_ctr(case 1)
                        trustee                  : S-1-1-0
                    aces: struct security_ace
                        type                     : SEC_ACE_TYPE_ACCESS_ALLOWED (0)
                        flags                    : 0x10 (16)
                               0: SEC_ACE_FLAG_OBJECT_INHERIT
                               0: SEC_ACE_FLAG_CONTAINER_INHERIT
                               0: SEC_ACE_FLAG_NO_PROPAGATE_INHERIT
                               0: SEC_ACE_FLAG_INHERIT_ONLY
                               1: SEC_ACE_FLAG_INHERITED_ACE
                            0x00: SEC_ACE_FLAG_VALID_INHERIT (0)
                               0: SEC_ACE_FLAG_SUCCESSFUL_ACCESS
                               0: SEC_ACE_FLAG_FAILED_ACCESS
                        size                     : 0x0024 (36)
                        access_mask              : 0x001f01ff (2032127)
                        object                   : union security_ace_object_ctr(case 0)
                        trustee                  : S-1-5-21-3863028735-649080503-733086412-1000
                    aces: struct security_ace
                        type                     : SEC_ACE_TYPE_ACCESS_ALLOWED (0)
                        flags                    : 0x10 (16)
                               0: SEC_ACE_FLAG_OBJECT_INHERIT
                               0: SEC_ACE_FLAG_CONTAINER_INHERIT
                               0: SEC_ACE_FLAG_NO_PROPAGATE_INHERIT
                               0: SEC_ACE_FLAG_INHERIT_ONLY
                               1: SEC_ACE_FLAG_INHERITED_ACE
                            0x00: SEC_ACE_FLAG_VALID_INHERIT (0)
                               0: SEC_ACE_FLAG_SUCCESSFUL_ACCESS
                               0: SEC_ACE_FLAG_FAILED_ACCESS
                        size                     : 0x0024 (36)
                        access_mask              : 0x001200a9 (1179817)
                        object                   : union security_ace_object_ctr(case 0)
                        trustee                  : S-1-5-21-3863028735-649080503-733086412-513
                    aces: struct security_ace
                        type                     : SEC_ACE_TYPE_ACCESS_ALLOWED (0)
                        flags                    : 0x10 (16)
                               0: SEC_ACE_FLAG_OBJECT_INHERIT
                               0: SEC_ACE_FLAG_CONTAINER_INHERIT
                               0: SEC_ACE_FLAG_NO_PROPAGATE_INHERIT
                               0: SEC_ACE_FLAG_INHERIT_ONLY
                               1: SEC_ACE_FLAG_INHERITED_ACE
                            0x00: SEC_ACE_FLAG_VALID_INHERIT (0)
                               0: SEC_ACE_FLAG_SUCCESSFUL_ACCESS
                               0: SEC_ACE_FLAG_FAILED_ACCESS
                        size                     : 0x0014 (20)
                        access_mask              : 0x001200a9 (1179817)
                        object                   : union security_ace_object_ctr(case 0)
                        trustee                  : S-1-1-0
</file>
<file>
Their are two kinds of acl in samba file:
security.NTACL and system.posix_acl_access

Get value of acl:
getfattr -n system.posix_acl_access iptbl_routing_tmp
getfattr -n security.NTACL iptbl_routing_tmp

Remove attribute
getfattr -x system.posix_acl iptbl_routing_tmp
setfattr -x security.NTACL  iptbl_routing_tmp

</file>

** python xattr **
<file>
>>> import xattr
>>> xattr.listxattr("file.txt")
['user.mime_type']
>>> xattr.getxattr("file.txt", "user.mime_type")
'text/plain'
>>> xattr.setxattr("file.txt", "user.comment", "Simple text file")
>>> xattr.listxattr("file.txt")
['user.mime_type', 'user.comment']
>>> xattr.removexattr ("file.txt", "user.comment")

>>> import xattr
>>> xattr.listxattr("iptbl_routing_tmp")
(u'trusted.SGI_ACL_FILE', u'security.NTACL', u'system.posix_acl_access')
>>> xattr.getxattr("/tmp/aaa.txt", "security.NTACL")
'\x04\x00\x04\x00\x00\x00\x02\x00\x04\x00\x02\x00\x01\x00\xc3\xa9x\x96L\xd3{\x9b\xa6\x8a\x9e\x97\xf2\xb2\xf5\x83\xcb\x93\xc2\x8d\xc8\xcc9\xa5\xc8\x89\xa4#\xee\xce\x14\xc4\x00\x00\x00\x00\x00\x00\x00\x00\x00\x00\x00\x00\x00\x00\x00\x00\x00\x00\x00\x00\x00\x00\x00\x00\x00\x00\x00\x00\x00\x00\x00\x00posix_acl\x00d\xbf\xfe]\xf0j\xd2\x01\x8e\xc4 \xd8Zlu.\xa0\xdc\xe5\x05\xe8\x93\x93\xc3\xe7\\e\xd0\xdf\xc9(V\xc4\xabT\xc7\xb2\x93>\x0c\x00\x00\x00\x00\x00\x00\x00\x00\x00\x00\x00\x00\x00\x00\x00\x00\x00\x00\x00\x00\x00\x00\x00\x00\x00\x00\x00\x00\x00\x00\x00\x00\x01\x00\x04\x8c\xb4\x00\x00\x00\xd0\x00\x00\x00\x00\x00\x00\x00\xec\x00\x00\x00\x01\x05\x00\x00\x00\x00\x00\x05\x15\x00\x00\x00\xff#A\xe6\xb7.\xb0&\xcc\x02\xb2+\xe8\x03\x00\x00\x01\x05\x00\x00\x00\x00\x00\x05\x15\x00\x00\x00\xff#A\xe6\xb7.\xb0&\xcc\x02\xb2+\x01\x02\x00\x00\x02\x00x\x00\x04\x00\x00\x00\x01\x00\x14\x00\x1e\x01\x0f\x00\x01\x01\x00\x00\x00\x00\x00\x01\x00\x00\x00\x00\x00\x10$\x00\xff\x01\x1f\x00\x01\x05\x00\x00\x00\x00\x00\x05\x15\x00\x00\x00\xff#A\xe6\xb7.\xb0&\xcc\x02\xb2+\xe8\x03\x00\x00\x00\x10$\x00\xa9\x00\x12\x00\x01\x05\x00\x00\x00\x00\x00\x05\x15\x00\x00\x00\xff#A\xe6\xb7.\xb0&\xcc\x02\xb2+\x01\x02\x00\x00\x00\x10\x14\x00\xa9\x00\x12\x00\x01\x01\x00\x00\x00\x00\x00\x01\x00\x00\x00\x00'

</file>
[[http://pyxattr.k1024.org/module.html]]

**getfattr**
<file>
[root@nas_8739448_a tmp]# getfattr -n security.NTACL iptbl_routing_tmp
# file: iptbl_routing_tmp
security.NTACL=0sBAAEAAAAAgAEAAIAAQCgPPxFRKKf60tg7eMr3o2YCABj0ryLFTbz/WLezJUMOwAAAAAAAAAAAAAAAAAAAAAAAAAAAAAAAAAAAAAAAAAAcG9zaXhfYWNsAOY0mev7Z9IB5zfZZ+WOJ9bNEn25ikX0nyceXW1OjYfXDcDf4n7o+hYAAAAAAAAAAAAAAAAAAAAAAAAAAAAAAAAAAAAAAAAAAAEABJy0AAAA0AAAAAAAAADgAAAAAQUAAAAAAAUVAAAArKysrKysrKysrKys6AMAAAECAAAAAAAWAgAAAAAAAAACAFgAAwAAAAAAJACfAR8AAQUAAAAAAAUVAAAArKysrKysrKysrKys6AMAAAAAGACJABIAAQIAAAAAABYCAAAAAAAAAAAAFACfAR8AAQEAAAAAAAEAAAAA

(that this attribute is not shown by the getfattr -d filename, it can only be retreived by naming it as in: getfattr -n security.NTACL filename.)
</file>
[[https://www.samba.org/samba/docs/man/manpages-3/vfs_acl_xattr.8.html]]
<file>
root@nas_8739448_a tmp]# getfattr -n system.posix_acl_access iptbl_routing_tmp
# file: iptbl_routing_tmp
system.posix_acl_access=0sAgAAAAEABwD/////AgAHAAAAAAACAAYANwAAAAQABAD/////CAAEAAAAAAAQAAcA/////yAABwD/////
</file>

**attr**
<file>
[root@nas_8739448_a tmp]# attr -l iptbl_routing_tmp
Attribute "SGI_ACL_FILE" has a 76 byte value for iptbl_routing_tmp
Attribute "NTACL" has a 312 byte value for iptbl_routing_tmp
</file>
<file>
[root@nas_8739448_a tmp]# attr -l -q  iptbl_routing_tmp
SGI_ACL_FILE
NTACL
</file>
<file>
[root@nas_8739448_a tmp]# attr -Rqg SGI_ACL_FILE iptbl_routing_tmp
▒▒▒▒▒▒▒▒▒▒▒ ▒▒▒▒[root@nas_8739448_a tmp]#
</file>

**ntacls.py**